../Drivers/CMSIS/Include/core_cm4.h:1938:34:__NVIC_SystemReset	1
../Core/Src/main.c:62:21:kalman_step	1
../Core/Src/main.c:81:21:fmax_from_fs	1
../Core/Src/main.c:83:13:apply_window	11
../Core/Src/main.c:101:13:fill_lut	11
../Core/Src/main.c:118:13:dac_start	9
../Core/Src/main.c:147:13:dac_stop	1
../Core/Src/main.c:153:20:put_prompt	1
../Core/Src/main.c:154:13:hb_tick	3
../Core/Src/main.c:172:20:fpga_cs_low	1
../Core/Src/main.c:173:20:fpga_cs_high	1
../Core/Src/main.c:175:13:spi_set_prescaler	2
../Core/Src/main.c:180:13:bin_reset_ring	1
../Core/Src/main.c:181:17:bin_ring_avail	2
../Core/Src/main.c:183:17:bin_ring_read	4
../Core/Src/main.c:192:6:CDC_OnRxData	6
../Core/Src/main.c:200:9:App_IsBinaryMode	1
../Core/Src/main.c:202:13:process_fpga_upload	11
../Core/Src/main.c:286:13:cli_help	2
../Core/Src/main.c:291:13:cli_ping	1
../Core/Src/main.c:293:13:cli_led	6
../Core/Src/main.c:308:13:cli_accel	4
../Core/Src/main.c:318:13:cli_kalman	2
../Core/Src/main.c:322:13:cli_kalman_set	2
../Core/Src/main.c:328:13:cli_dac	5
../Core/Src/main.c:338:13:cli_wave	10
../Core/Src/main.c:351:13:cli_wavewin	8
../Core/Src/main.c:362:13:cli_sys	5
../Core/Src/main.c:377:13:cli_adc_start	1
../Core/Src/main.c:378:13:cli_adc_stop	1
../Core/Src/main.c:379:13:cli_adc_cfg	1
../Core/Src/main.c:380:13:cli_adc_read	1
../Core/Src/main.c:382:13:cli_spi_speed	14
../Core/Src/main.c:394:13:cli_fpga_cs	3
../Core/Src/main.c:398:13:cli_fpga_upload	4
../Core/Src/main.c:407:13:cli_fpga_abort	2
../Core/Src/main.c:410:13:cli_fpga_peek	6
../Core/Src/main.c:419:13:cli_noop	1
../Core/Src/main.c:422:13:CLI_ProcessLine	6
../Core/Src/main.c:444:6:SystemClock_Config	3
../Core/Src/main.c:465:13:MX_GPIO_Init	1
../Core/Src/main.c:492:13:MX_DMA_Init	1
../Core/Src/main.c:499:13:MX_DAC_Init	3
../Core/Src/main.c:508:13:MX_I2C1_Init	2
../Core/Src/main.c:521:13:MX_SPI1_Init	2
../Core/Src/main.c:538:13:MX_CRC_Init	2
../Core/Src/main.c:542:13:MX_TIM2_Init	4
../Core/Src/main.c:559:13:MX_TIM3_Init	3
../Core/Src/main.c:576:5:main	9
