../Drivers/CMSIS/Include/core_cm4.h:1938:34:__NVIC_SystemReset	4	static,ignoring_inline_asm
../Core/Src/main.c:62:21:kalman_step	24	static
../Core/Src/main.c:81:21:fmax_from_fs	16	static
../Core/Src/main.c:83:13:apply_window	64	static
../Core/Src/main.c:101:13:fill_lut	1056	static
../Core/Src/main.c:118:13:dac_start	48	static
../Core/Src/main.c:147:13:dac_stop	8	static
../Core/Src/main.c:153:20:put_prompt	8	static
../Core/Src/main.c:154:13:hb_tick	8	static
../Core/Src/main.c:172:20:fpga_cs_low	8	static
../Core/Src/main.c:173:20:fpga_cs_high	8	static
../Core/Src/main.c:175:13:spi_set_prescaler	16	static
../Core/Src/main.c:180:13:bin_reset_ring	4	static,ignoring_inline_asm
../Core/Src/main.c:181:17:bin_ring_avail	16	static
../Core/Src/main.c:183:17:bin_ring_read	24	static,ignoring_inline_asm
../Core/Src/main.c:192:6:CDC_OnRxData	24	static
../Core/Src/main.c:200:9:App_IsBinaryMode	4	static
../Core/Src/main.c:202:13:process_fpga_upload	32	static
../Core/Src/main.c:286:13:cli_help	24	static
../Core/Src/main.c:291:13:cli_ping	16	static
../Core/Src/main.c:293:13:cli_led	32	static
../Core/Src/main.c:308:13:cli_accel	24	static
../Core/Src/main.c:318:13:cli_kalman	16	static
../Core/Src/main.c:322:13:cli_kalman_set	24	static
../Core/Src/main.c:328:13:cli_dac	24	static
../Core/Src/main.c:338:13:cli_wave	24	static
../Core/Src/main.c:351:13:cli_wavewin	24	static
../Core/Src/main.c:362:13:cli_sys	56	static
../Core/Src/main.c:377:13:cli_adc_start	16	static
../Core/Src/main.c:378:13:cli_adc_stop	16	static
../Core/Src/main.c:379:13:cli_adc_cfg	16	static
../Core/Src/main.c:380:13:cli_adc_read	16	static
../Core/Src/main.c:382:13:cli_spi_speed	24	static
../Core/Src/main.c:394:13:cli_fpga_cs	24	static
../Core/Src/main.c:398:13:cli_fpga_upload	24	static
../Core/Src/main.c:407:13:cli_fpga_abort	16	static
../Core/Src/main.c:410:13:cli_fpga_peek	1056	static
../Core/Src/main.c:419:13:cli_noop	16	static
../Core/Src/main.c:422:13:CLI_ProcessLine	208	static
../Core/Src/main.c:444:6:SystemClock_Config	88	static
../Core/Src/main.c:465:13:MX_GPIO_Init	40	static
../Core/Src/main.c:492:13:MX_DMA_Init	16	static
../Core/Src/main.c:499:13:MX_DAC_Init	16	static
../Core/Src/main.c:508:13:MX_I2C1_Init	8	static
../Core/Src/main.c:521:13:MX_SPI1_Init	8	static
../Core/Src/main.c:538:13:MX_CRC_Init	8	static
../Core/Src/main.c:542:13:MX_TIM2_Init	32	static
../Core/Src/main.c:559:13:MX_TIM3_Init	24	static
../Core/Src/main.c:576:5:main	176	static
