../Drivers/CMSIS/Include/core_cm4.h:1938:34:__NVIC_SystemReset	4	static,ignoring_inline_asm
../Core/Src/main.c:66:21:kalman_step	24	static
../Core/Src/main.c:85:21:fmax_from_fs	16	static
../Core/Src/main.c:87:13:apply_window	64	static
../Core/Src/main.c:105:13:fill_lut	1056	static
../Core/Src/main.c:122:13:dac_start	48	static
../Core/Src/main.c:142:13:dac_stop	8	static
../Core/Src/main.c:148:20:put_prompt	8	static
../Core/Src/main.c:149:13:hb_tick	8	static
../Core/Src/main.c:170:6:HAL_ADC_ConvHalfCpltCallback	24	static
../Core/Src/main.c:174:6:HAL_ADC_ConvCpltCallback	24	static
../Core/Src/main.c:179:13:adc1_start_stream	8	static
../Core/Src/main.c:184:13:adc1_stop_stream	8	static
../Core/Src/main.c:191:13:adc_poll_one	40	static
../Core/Src/main.c:217:20:fpga_cs_low	8	static
../Core/Src/main.c:218:20:fpga_cs_high	8	static
../Core/Src/main.c:220:13:spi_set_prescaler	16	static
../Core/Src/main.c:225:13:bin_reset_ring	4	static,ignoring_inline_asm
../Core/Src/main.c:226:17:bin_ring_avail	16	static
../Core/Src/main.c:228:17:bin_ring_read	24	static,ignoring_inline_asm
../Core/Src/main.c:237:6:CDC_OnRxData	24	static
../Core/Src/main.c:245:9:App_IsBinaryMode	4	static
../Core/Src/main.c:247:13:process_fpga_upload	32	static
../Core/Src/main.c:334:13:cli_help	24	static
../Core/Src/main.c:338:13:cli_ping	16	static
../Core/Src/main.c:340:13:cli_led	32	static
../Core/Src/main.c:355:13:cli_accel	24	static
../Core/Src/main.c:365:13:cli_kalman	16	static
../Core/Src/main.c:369:13:cli_kalman_set	24	static
../Core/Src/main.c:375:13:cli_dac	24	static
../Core/Src/main.c:385:13:cli_wave	24	static
../Core/Src/main.c:399:13:cli_wavewin	24	static
../Core/Src/main.c:410:13:cli_sys	56	static
../Core/Src/main.c:425:13:cli_adc_start	16	static
../Core/Src/main.c:426:13:cli_adc_stop	16	static
../Core/Src/main.c:429:17:samp_to_hal	16	static
../Core/Src/main.c:442:13:cli_adc_cfg	32	static
../Core/Src/main.c:452:13:cli_adc_read	40	static
../Core/Src/main.c:472:13:cli_spi_speed	24	static
../Core/Src/main.c:484:13:cli_fpga_cs	24	static
../Core/Src/main.c:488:13:cli_fpga_upload	24	static
../Core/Src/main.c:497:13:cli_fpga_abort	16	static
../Core/Src/main.c:500:13:cli_fpga_peek	1056	static
../Core/Src/main.c:509:13:cli_noop	16	static
../Core/Src/main.c:512:13:CLI_ProcessLine	208	static
../Core/Src/main.c:536:6:SystemClock_Config	88	static
../Core/Src/main.c:555:13:MX_GPIO_Init	40	static
../Core/Src/main.c:582:13:MX_DMA_Init	16	static
../Core/Src/main.c:592:13:MX_DAC_Init	16	static
../Core/Src/main.c:601:13:MX_I2C1_Init	8	static
../Core/Src/main.c:614:13:MX_SPI1_Init	8	static
../Core/Src/main.c:630:13:MX_CRC_Init	8	static
../Core/Src/main.c:634:13:MX_TIM2_Init	32	static
../Core/Src/main.c:651:13:MX_TIM3_Init	24	static
../Core/Src/main.c:666:13:MX_ADC1_Init	24	static
../Core/Src/main.c:687:13:MX_ADC2_Init	24	static
../Core/Src/main.c:707:13:MX_ADC3_Init	24	static
../Core/Src/main.c:728:5:main	176	static
