../Core/Src/stm32f4xx_it.c:63:6:DMA1_Stream5_IRQHandler	8	static
../Core/Src/stm32f4xx_it.c:68:6:NMI_Handler	4	static
../Core/Src/stm32f4xx_it.c:82:6:HardFault_Handler	4	static
../Core/Src/stm32f4xx_it.c:96:6:MemManage_Handler	4	static
../Core/Src/stm32f4xx_it.c:110:6:BusFault_Handler	4	static
../Core/Src/stm32f4xx_it.c:124:6:UsageFault_Handler	4	static
../Core/Src/stm32f4xx_it.c:138:6:SVC_Handler	4	static
../Core/Src/stm32f4xx_it.c:149:6:DebugMon_Handler	4	static
../Core/Src/stm32f4xx_it.c:160:6:PendSV_Handler	4	static
../Core/Src/stm32f4xx_it.c:171:6:SysTick_Handler	8	static
../Core/Src/stm32f4xx_it.c:190:6:EXTI3_IRQHandler	8	static
../Core/Src/stm32f4xx_it.c:202:6:TIM2_IRQHandler	8	static
../Core/Src/stm32f4xx_it.c:214:6:OTG_FS_IRQHandler	8	static
